Checking routing tracks.....
Checking other grids.....
Checking FINFET Grid is on Manufacture Grid.....
Checking core/die box is on Grid.....
**WARN: (IMPFP-7238):	CORE's corner: (369.1200000000 , 369.0000000000) is NOT on PlacementGrid,  Please use command getFPlanMode to check current Grid settings, use command setFPlanMode to change which grid to snap to. And use command get_snap_grid_info to get grids' offset and pitch. Command floorplan can be used to fix this issue.
**WARN: (IMPFP-7238):	CORE's corner: (1471.2000000000 , 1434.9000000000) is NOT on PlacementGrid,  Please use command getFPlanMode to check current Grid settings, use command setFPlanMode to change which grid to snap to. And use command get_snap_grid_info to get grids' offset and pitch. Command floorplan can be used to fix this issue.
Checking snap rule ......
Checking Row is on grid......
Checking AreaIO row.....
Checking row out of die ...
Checking routing blockage.....
Checking components.....
Checking IO Pads out of die...
Checking constraints (guide/region/fence).....
Checking groups.....

Checking Preroutes.....
No. of regular pre-routes not on tracks : 0 

Reporting Utilizations.....

Core utilization  = 64.741769
Effective Utilizations
Extracting standard cell pins and blockage ...... 
**WARN: (IMPTR-2104):	Layer M6: Pitch=2280 is less than min width=1640 + min spacing=1640.
**WARN: (IMPTR-2108):	For layer M6, the gaps of 714 out of 714 tracks are narrower than 3.280um (space 1.640 + width 1.640).
Type 'man IMPTR-2108' for more detail.
 As a result, your trialRoute congestion could be incorrect.
Pin and blockage extraction finished
Extracting macro/IO cell pins and blockage ...... 
Pin and blockage extraction finished
**Info: (IMPSP-307): Design contains fractional 1 cell.
Average module density = 0.650.
Density for the design = 0.650.
       = (stdcell_area 316449 sites (574165 um^2) + block_area 102712 sites (186361 um^2)) / alloc_area 645176 sites (1170607 um^2).
Pin Density = 0.2023.
            = total # of pins 130541 / total area 645176.

*** Summary of all messages that are not suppressed in this session:
Severity  ID               Count  Summary                                  
WARNING   IMPFP-7238           2  CORE's corner: %s is NOT on %s,  Please ...
WARNING   IMPTR-2104           1  Layer %s: Pitch=%d is less than min widt...
WARNING   IMPTR-2108           1  For layer M%d, the gaps of %d out of %d ...
*** Message Summary: 4 warning(s), 0 error(s)

