Checking routing tracks.....
Checking other grids.....
Checking FINFET Grid is on Manufacture Grid.....
Checking core/die box is on Grid.....
**WARN: (IMPFP-7238):	CORE's corner: (369.1200000000 , 369.0000000000) is NOT on PlacementGrid,  Please use command getFPlanMode to check current Grid settings, use command setFPlanMode to change which grid to snap to. And use command get_snap_grid_info to get grids' offset and pitch. Command floorplan can be used to fix this issue.
**WARN: (IMPFP-7238):	CORE's corner: (1471.2000000000 , 1434.9000000000) is NOT on PlacementGrid,  Please use command getFPlanMode to check current Grid settings, use command setFPlanMode to change which grid to snap to. And use command get_snap_grid_info to get grids' offset and pitch. Command floorplan can be used to fix this issue.
Checking snap rule ......
Checking Row is on grid......
Checking AreaIO row.....
Checking row out of die ...
Checking routing blockage.....
Checking components.....
**WARN: (IMPFP-10013):	Halo should be created around block i_croc_soc/i_croc/gen_sram_bank_0__i_sram/gen_512x32xBx1_i_cut and snapping rules are not checked since it's width is not multiple of default tech site's width.
**WARN: (IMPFP-10013):	Halo should be created around block i_croc_soc/i_croc/gen_sram_bank_0__i_sram/gen_512x32xBx1_i_cut and snapping rules are not checked since it's height is not multiple of default tech site's height.
**WARN: (IMPFP-10013):	Halo should be created around block i_croc_soc/i_croc/gen_sram_bank_1__i_sram/gen_512x32xBx1_i_cut and snapping rules are not checked since it's width is not multiple of default tech site's width.
**WARN: (IMPFP-10013):	Halo should be created around block i_croc_soc/i_croc/gen_sram_bank_1__i_sram/gen_512x32xBx1_i_cut and snapping rules are not checked since it's height is not multiple of default tech site's height.
Checking IO Pads out of die...
Checking constraints (guide/region/fence).....
Checking groups.....

Checking Preroutes.....
No. of regular pre-routes not on tracks : 0 

Reporting Utilizations.....

Core utilization  = 79.761766
Effective Utilizations
**Info: (IMPSP-307): Design contains fractional 1 cell.
Average module density = 0.749.
Density for the design = 0.749.
       = stdcell_area 385224 sites (698950 um^2) / alloc_area 514274 sites (933099 um^2).
Pin Density = 0.2610.
            = total # of pins 168411 / total area 645176.

*** Summary of all messages that are not suppressed in this session:
Severity  ID               Count  Summary                                  
WARNING   IMPFP-7238           2  CORE's corner: %s is NOT on %s,  Please ...
WARNING   IMPFP-10013          4  Halo should be created around block %s a...
*** Message Summary: 6 warning(s), 0 error(s)

