Usage: (14.0%H 25.7%V) = (1.345e+06um 1.044e+06um) = (355941 276292)
Overflow: 7460 = 299 (0.19% H) + 7161 (4.59% V)

Congestion distribution:

Remain	cntH		cntV
--------------------------------------
 -5:	5	 0.00%	97	 0.06%
 -4:	7	 0.00%	162	 0.10%
 -3:	30	 0.02%	446	 0.29%
 -2:	60	 0.04%	1407	 0.90%
 -1:	137	 0.09%	3849	 2.47%
--------------------------------------
  0:	301	 0.19%	9778	 6.27%
  1:	726	 0.46%	13343	 8.56%
  2:	1522	 0.97%	13321	 8.55%
  3:	1668	 1.06%	11152	 7.15%
  4:	3086	 1.96%	9014	 5.78%
  5:	149702	95.20%	93318	59.86%
[hotspot] +------------+---------------+---------------+
[hotspot] |            |   max hotspot | total hotspot |
[hotspot] +------------+---------------+---------------+
[hotspot] | normalized |         51.08 |        234.36 |
[hotspot] +------------+---------------+---------------+
Local HotSpot Analysis: normalized max congestion hotspot area = 51.08, normalized total congestion hotspot area = 234.36 (area is in unit of 4 std-cell row bins)
[hotspot] top 5 congestion hotspot bounding boxes and scores of normalized hotspot
[hotspot] +-----+-------------------------------------+---------------+
[hotspot] | top |            hotspot bbox             | hotspot score |
[hotspot] +-----+-------------------------------------+---------------+
[hotspot] |  1  |  1121.34  1121.22  1212.06  1302.66 |       51.08   |
[hotspot] +-----+-------------------------------------+---------------+
[hotspot] |  2  |   335.10  1151.46   395.58  1272.42 |       25.57   |
[hotspot] +-----+-------------------------------------+---------------+
[hotspot] |  3  |  1242.30   970.02  1302.78  1030.50 |        5.70   |
[hotspot] +-----+-------------------------------------+---------------+
[hotspot] |  4  |   970.14   849.06  1030.62   909.54 |        5.44   |
[hotspot] +-----+-------------------------------------+---------------+
[hotspot] |  5  |   728.22  1090.98   788.70  1151.46 |        4.59   |
[hotspot] +-----+-------------------------------------+---------------+
