Usage: (12.8%H 23.8%V) = (1.226e+06um 9.701e+05um) = (324368 256638)
Overflow: 5498 = 127 (0.08% H) + 5371 (3.45% V)

Congestion distribution:

Remain	cntH		cntV
--------------------------------------
 -5:	0	 0.00%	13	 0.01%
 -4:	1	 0.00%	75	 0.05%
 -3:	4	 0.00%	347	 0.22%
 -2:	29	 0.02%	1094	 0.70%
 -1:	77	 0.05%	3043	 1.95%
--------------------------------------
  0:	227	 0.14%	7935	 5.09%
  1:	543	 0.35%	12706	 8.15%
  2:	1321	 0.84%	13639	 8.75%
  3:	1386	 0.88%	12126	 7.78%
  4:	2843	 1.81%	9914	 6.36%
  5:	150813	95.91%	94995	60.94%
[hotspot] +------------+---------------+---------------+
[hotspot] |            |   max hotspot | total hotspot |
[hotspot] +------------+---------------+---------------+
[hotspot] | normalized |         46.82 |        137.25 |
[hotspot] +------------+---------------+---------------+
Local HotSpot Analysis: normalized max congestion hotspot area = 46.82, normalized total congestion hotspot area = 137.25 (area is in unit of 4 std-cell row bins)
[hotspot] top 5 congestion hotspot bounding boxes and scores of normalized hotspot
[hotspot] +-----+-------------------------------------+---------------+
[hotspot] | top |            hotspot bbox             | hotspot score |
[hotspot] +-----+-------------------------------------+---------------+
[hotspot] |  1  |  1121.34  1151.46  1212.06  1302.66 |       45.84   |
[hotspot] +-----+-------------------------------------+---------------+
[hotspot] |  2  |   335.10  1151.46   395.58  1211.94 |        5.11   |
[hotspot] +-----+-------------------------------------+---------------+
[hotspot] |  3  |   577.02   909.54   637.50   970.02 |        5.05   |
[hotspot] +-----+-------------------------------------+---------------+
[hotspot] |  4  |   335.10  1211.94   395.58  1272.42 |        4.72   |
[hotspot] +-----+-------------------------------------+---------------+
[hotspot] |  5  |  1272.54   909.54  1333.02   970.02 |        4.46   |
[hotspot] +-----+-------------------------------------+---------------+
